gpasm-0.13.4 beta               eeprom.asm  7-10-2008  00:58:18          PAGE  1


LOC  OBJECT CODE     LINE SOURCE TEXT
  VALUE
 
               00001 ;--------------------------------------------------------
               00002 ; File Created by SDCC : FreeWare ANSI-C Compiler
               00003 ; Version 2.6.0 #4309 (Sep 23 2007)
               00004 ; This file generated Thu Jul 10 00:58:18 2008
               00005 ;--------------------------------------------------------
               00006 ; PIC16 port for the Microchip 16-bit core micros
               00007 ;--------------------------------------------------------
               00008         list    p=18f1320
               00009 
               00010         radix dec
               00011 
               00012 ;--------------------------------------------------------
               00013 ; public variables in this module
               00014 ;--------------------------------------------------------
               00015         global _init_eeprom
               00016         global _save_eeprom_if_needed
               00017         global _trigger_save_eeprom
               00018         global _eeprom_data
               00019         global _incremental_save_counter
               00020         global _do_eeprom_read
               00021 
               00022 ;--------------------------------------------------------
               00023 ; extern variables in this module
               00024 ;--------------------------------------------------------
               00025         extern __gptrput1
               00026         extern __gptrget1
               00027         extern _PORTAbits
               00028         extern _PORTBbits
               00029         extern _LATAbits
               00030         extern _LATBbits
               00031         extern _TRISAbits
               00032         extern _TRISBbits
               00033         extern _PIE1bits
               00034         extern _PIR1bits
               00035         extern _IPR1bits
               00036         extern _PIE2bits
               00037         extern _PIR2bits
               00038         extern _IPR2bits
               00039         extern _EECON1bits
               00040         extern _RCSTAbits
               00041         extern _TXSTAbits
               00042         extern _T3CONbits
               00043         extern _ECCPASbits
               00044         extern _CCP1CONbits
               00045         extern _ADCON2bits
               00046         extern _ADCON1bits
               00047         extern _ADCON0bits
               00048         extern _T2CONbits
               00049         extern _T1CONbits
               00050         extern _RCONbits
               00051         extern _WDTCONbits
               00052         extern _LVDCONbits
               00053         extern _OSCCONbits
               00054         extern _STATUSbits
gpasm-0.13.4 beta               eeprom.asm  7-10-2008  00:58:18          PAGE  2


LOC  OBJECT CODE     LINE SOURCE TEXT
  VALUE
 
               00055         extern _INTCON3bits
               00056         extern _INTCON2bits
               00057         extern _INTCONbits
               00058         extern _STKPTRbits
               00059         extern _PORTA
               00060         extern _PORTB
               00061         extern _LATA
               00062         extern _LATB
               00063         extern _TRISA
               00064         extern _TRISB
               00065         extern _PIE1
               00066         extern _PIR1
               00067         extern _IPR1
               00068         extern _PIE2
               00069         extern _PIR2
               00070         extern _IPR2
               00071         extern _EECON1
               00072         extern _EECON2
               00073         extern _EEDATA
               00074         extern _EEADR
               00075         extern _BAUDCTL
               00076         extern _RCSTA
               00077         extern _TXSTA
               00078         extern _TXREG
               00079         extern _RCREG
               00080         extern _SPBRG
               00081         extern _SPBRGH
               00082         extern _T3CON
               00083         extern _TMR3L
               00084         extern _TMR3H
               00085         extern _ECCPAS
               00086         extern _CCP1CON
               00087         extern _CCPR1L
               00088         extern _CCPR1H
               00089         extern _ADCON2
               00090         extern _ADCON1
               00091         extern _ADCON0
               00092         extern _ADRESL
               00093         extern _ADRESH
               00094         extern _T2CON
               00095         extern _PR2
               00096         extern _TMR2
               00097         extern _T1CON
               00098         extern _TMR1L
               00099         extern _TMR1H
               00100         extern _RCON
               00101         extern _WDTCON
               00102         extern _LVDCON
               00103         extern _OSCCON
               00104         extern _T0CON
               00105         extern _TMR0L
               00106         extern _TMR0H
               00107         extern _STATUS
               00108         extern _FSR2L
gpasm-0.13.4 beta               eeprom.asm  7-10-2008  00:58:18          PAGE  3


LOC  OBJECT CODE     LINE SOURCE TEXT
  VALUE
 
               00109         extern _FSR2H
               00110         extern _PLUSW2
               00111         extern _PREINC2
               00112         extern _POSTDEC2
               00113         extern _POSTINC2
               00114         extern _INDF2
               00115         extern _BSR
               00116         extern _FSR1L
               00117         extern _FSR1H
               00118         extern _PLUSW1
               00119         extern _PREINC1
               00120         extern _POSTDEC1
               00121         extern _POSTINC1
               00122         extern _INDF1
               00123         extern _WREG
               00124         extern _FSR0L
               00125         extern _FSR0H
               00126         extern _PLUSW0
               00127         extern _PREINC0
               00128         extern _POSTDEC0
               00129         extern _POSTINC0
               00130         extern _INDF0
               00131         extern _INTCON3
               00132         extern _INTCON2
               00133         extern _INTCON
               00134         extern _PRODL
               00135         extern _PRODH
               00136         extern _TABLAT
               00137         extern _TBLPTRL
               00138         extern _TBLPTRH
               00139         extern _TBLPTRU
               00140         extern _PCL
               00141         extern _PCLATH
               00142         extern _PCLATU
               00143         extern _STKPTR
               00144         extern _TOSL
               00145         extern _TOSH
               00146         extern _TOSU
               00147 ;--------------------------------------------------------
               00148 ;       Equates to used internal registers
               00149 ;--------------------------------------------------------
  00000FD8     00150 STATUS  equ     0xfd8
  00000FE8     00151 WREG    equ     0xfe8
  00000FE9     00152 FSR0L   equ     0xfe9
  00000FE1     00153 FSR1L   equ     0xfe1
  00000FD9     00154 FSR2L   equ     0xfd9
  00000FE5     00155 POSTDEC1        equ     0xfe5
  00000FE4     00156 PREINC1 equ     0xfe4
  00000FF3     00157 PRODL   equ     0xff3
               00158 
               00159 
               00160         idata
               00161 _incremental_save_counter       db      0x24
               00162 
gpasm-0.13.4 beta               eeprom.asm  7-10-2008  00:58:18          PAGE  4


LOC  OBJECT CODE     LINE SOURCE TEXT
  VALUE
 
               00163 
               00164 ; Internal registers
               00165 .registers      udata_ovr       0x0000
               00166 r0x00   res     1
               00167 r0x01   res     1
               00168 r0x02   res     1
               00169 
               00170 udata_eeprom_0  udata
               00171 _eeprom_data    res     36
               00172 
               00173 ;--------------------------------------------------------
               00174 ; global & static initialisations
               00175 ;--------------------------------------------------------
               00176 ; I code from now on!
               00177 ; ; Starting pCode block
               00178 S_eeprom__trigger_save_eeprom   code
0000           00179 _trigger_save_eeprom:
0000 0000      00180         BANKSEL _incremental_save_counter
               00181 ;       .line   70; eeprom.c    incremental_save_counter = 0;
0002 6B00      00182         CLRF    _incremental_save_counter, B
0004 0012      00183         RETURN  
               00184 
               00185 ; ; Starting pCode block
               00186 S_eeprom__save_eeprom_if_needed code
0000           00187 _save_eeprom_if_needed:
               00188 ;       .line   45; eeprom.c    void save_eeprom_if_needed(){
0000 CFD9 FFE5 00189         MOVFF   FSR2L, POSTDEC1
0004 CFE1 FFD9 00190         MOVFF   FSR1L, FSR2L
0008 C000 FFE5 00191         MOVFF   r0x00, POSTDEC1
000C C000 FFE5 00192         MOVFF   r0x01, POSTDEC1
0010 C000 FFE5 00193         MOVFF   r0x02, POSTDEC1
               00194 ;       .line   46; eeprom.c    if ((incremental_save_counter < sizeof(eeprom_data))
0014 0E24      00195         MOVLW   0x24
0016 0000      00196         BANKSEL _incremental_save_counter
0018 5D00      00197         SUBWF   _incremental_save_counter, W, B
001A E200      00198         BC      _00121_DS_
               00199 ;       .line   47; eeprom.c    && !EECON1bits.WR){ // Is previous write complete?
001C B200      00200         BTFSC   _EECON1bits, 1
001E D000      00201         BRA     _00121_DS_
               00202 ;       .line   48; eeprom.c    EEADR = incremental_save_counter;
0020 C000 F000 00203         MOVFF   _incremental_save_counter, _EEADR
               00204 ;       .line   50; eeprom.c    EEDATA = ((uint8_t *)(&eeprom_data))[EEADR];
0024 0E00      00205         MOVLW   HIGH(_eeprom_data)
0026 6E00      00206         MOVWF   r0x01
0028 0E00      00207         MOVLW   LOW(_eeprom_data)
002A 6E00      00208         MOVWF   r0x00
002C 0E80      00209         MOVLW   0x80
002E 6E00      00210         MOVWF   r0x02
0030 5000      00211         MOVF    _EEADR, W
0032 2600      00212         ADDWF   r0x00, F
0034 6AE8      00213         CLRF    WREG
0036 2200      00214         ADDWFC  r0x01, F
0038 6AE8      00215         CLRF    WREG
003A 2200      00216         ADDWFC  r0x02, F
gpasm-0.13.4 beta               eeprom.asm  7-10-2008  00:58:18          PAGE  5


LOC  OBJECT CODE     LINE SOURCE TEXT
  VALUE
 
003C C000 FFE9 00217         MOVFF   r0x00, FSR0L
0040 C000 FFF3 00218         MOVFF   r0x01, PRODL
0044 5000      00219         MOVF    r0x02, W
0046 EC00 F000 00220         CALL    __gptrget1
004A 6E00      00221         MOVWF   _EEDATA
               00222 ;       .line   52; eeprom.c    EECON1bits.EEPGD = 0;
004C 9E00      00223         BCF     _EECON1bits, 7
               00224 ;       .line   53; eeprom.c    EECON1bits.CFGS = 0;
004E 9C00      00225         BCF     _EECON1bits, 6
               00226 ;       .line   54; eeprom.c    EECON1bits.WREN = 1;
0050 8400      00227         BSF     _EECON1bits, 2
0052 0E55      00228         movlw 0x55
0054 6E00      00229         movwf _EECON2
0056 0EAA      00230         movlw 0xAA
0058 6E00      00231         movwf _EECON2
005A 8200      00232         bsf _EECON1,1
               00233         
005C 0000      00234         BANKSEL _incremental_save_counter
               00235 ;       .line   65; eeprom.c    incremental_save_counter++;
005E 2B00      00236         INCF    _incremental_save_counter, F, B
0060           00237 _00121_DS_:
0060 CFE4 F000 00238         MOVFF   PREINC1, r0x02
0064 CFE4 F000 00239         MOVFF   PREINC1, r0x01
0068 CFE4 F000 00240         MOVFF   PREINC1, r0x00
006C CFE4 FFD9 00241         MOVFF   PREINC1, FSR2L
0070 0012      00242         RETURN  
               00243 
               00244 ; ; Starting pCode block
               00245 S_eeprom__init_eeprom   code
0000           00246 _init_eeprom:
               00247 ;       .line   34; eeprom.c    void init_eeprom(){
0000 C000 FFE5 00248         MOVFF   r0x00, POSTDEC1
0004 C000 FFE5 00249         MOVFF   r0x01, POSTDEC1
0008 C000 FFE5 00250         MOVFF   r0x02, POSTDEC1
               00251 ;       .line   35; eeprom.c    for (EEADR = 0; EEADR < sizeof(eeprom_data); EEADR++){
000C 6A00      00252         CLRF    _EEADR
000E           00253 _00109_DS_:
000E 0E24      00254         MOVLW   0x24
0010 5C00      00255         SUBWF   _EEADR, W
0012 E200      00256         BC      _00113_DS_
               00257 ;       .line   36; eeprom.c    EECON1bits.EEPGD = 0;
0014 9E00      00258         BCF     _EECON1bits, 7
               00259 ;       .line   37; eeprom.c    EECON1bits.CFGS = 0;
0016 9C00      00260         BCF     _EECON1bits, 6
               00261 ;       .line   38; eeprom.c    EECON1bits.RD = 1;
0018 8000      00262         BSF     _EECON1bits, 0
               00263 ;       .line   39; eeprom.c    ((uint8_t *)(&eeprom_data))[EEADR] = EEDATA;
001A 0E00      00264         MOVLW   HIGH(_eeprom_data)
001C 6E00      00265         MOVWF   r0x01
001E 0E00      00266         MOVLW   LOW(_eeprom_data)
0020 6E00      00267         MOVWF   r0x00
0022 0E80      00268         MOVLW   0x80
0024 6E00      00269         MOVWF   r0x02
0026 5000      00270         MOVF    _EEADR, W
gpasm-0.13.4 beta               eeprom.asm  7-10-2008  00:58:18          PAGE  6


LOC  OBJECT CODE     LINE SOURCE TEXT
  VALUE
 
0028 2600      00271         ADDWF   r0x00, F
002A 6AE8      00272         CLRF    WREG
002C 2200      00273         ADDWFC  r0x01, F
002E 6AE8      00274         CLRF    WREG
0030 2200      00275         ADDWFC  r0x02, F
0032 C000 FFE5 00276         MOVFF   _EEDATA, POSTDEC1
0036 C000 FFE9 00277         MOVFF   r0x00, FSR0L
003A C000 FFF3 00278         MOVFF   r0x01, PRODL
003E 5000      00279         MOVF    r0x02, W
0040 EC00 F000 00280         CALL    __gptrput1
               00281 ;       .line   35; eeprom.c    for (EEADR = 0; EEADR < sizeof(eeprom_data); EEADR++){
0044 2A00      00282         INCF    _EEADR, F
0046 D000      00283         BRA     _00109_DS_
0048           00284 _00113_DS_:
0048 CFE4 F000 00285         MOVFF   PREINC1, r0x02
004C CFE4 F000 00286         MOVFF   PREINC1, r0x01
0050 CFE4 F000 00287         MOVFF   PREINC1, r0x00
0054 0012      00288         RETURN  
               00289 
               00290 ; ; Starting pCode block
               00291 S_eeprom__do_eeprom_read        code
0000           00292 _do_eeprom_read:
               00293 ;       .line   29; eeprom.c    EECON1bits.EEPGD = 0;
0000 9E00      00294         BCF     _EECON1bits, 7
               00295 ;       .line   30; eeprom.c    EECON1bits.CFGS = 0;
0002 9C00      00296         BCF     _EECON1bits, 6
               00297 ;       .line   31; eeprom.c    EECON1bits.RD = 1;
0004 8000      00298         BSF     _EECON1bits, 0
0006 0012      00299         RETURN  
               00300 
               00301 
               00302 
               00303 ; Statistics:
               00304 ; code size:      216 (0x00d8) bytes ( 0.16%)
               00305 ;                 108 (0x006c) words
               00306 ; udata size:      36 (0x0024) bytes (56.25%)
               00307 ; access size:      3 (0x0003) bytes
               00308 
               00309 
gpasm-0.13.4 beta               eeprom.asm  7-10-2008  00:58:18          PAGE  7


SYMBOL TABLE
  LABEL                             VALUE 

FSR0L                             00000FE9
FSR1L                             00000FE1
FSR2L                             00000FD9
POSTDEC1                          00000FE5
PREINC1                           00000FE4
PRODL                             00000FF3
STATUS                            00000FD8
WREG                              00000FE8
_00109_DS_                        0000000E
_00113_DS_                        00000048
_00121_DS_                        00000060
_ADCON0                           00000000
_ADCON0bits                       00000000
_ADCON1                           00000000
_ADCON1bits                       00000000
_ADCON2                           00000000
_ADCON2bits                       00000000
_ADRESH                           00000000
_ADRESL                           00000000
_BAUDCTL                          00000000
_BSR                              00000000
_CCP1CON                          00000000
_CCP1CONbits                      00000000
_CCPR1H                           00000000
_CCPR1L                           00000000
_ECCPAS                           00000000
_ECCPASbits                       00000000
_EEADR                            00000000
_EECON1                           00000000
_EECON1bits                       00000000
_EECON2                           00000000
_EEDATA                           00000000
_FSR0H                            00000000
_FSR0L                            00000000
_FSR1H                            00000000
_FSR1L                            00000000
_FSR2H                            00000000
_FSR2L                            00000000
_INDF0                            00000000
_INDF1                            00000000
_INDF2                            00000000
_INTCON                           00000000
_INTCON2                          00000000
_INTCON2bits                      00000000
_INTCON3                          00000000
_INTCON3bits                      00000000
_INTCONbits                       00000000
_IPR1                             00000000
_IPR1bits                         00000000
_IPR2                             00000000
_IPR2bits                         00000000
_LATA                             00000000
_LATAbits                         00000000
gpasm-0.13.4 beta               eeprom.asm  7-10-2008  00:58:18          PAGE  8


LOC  OBJECT CODE     LINE SOURCE TEXT
  VALUE
 
_LATB                             00000000
_LATBbits                         00000000
_LVDCON                           00000000
_LVDCONbits                       00000000
_OSCCON                           00000000
_OSCCONbits                       00000000
_PCL                              00000000
_PCLATH                           00000000
_PCLATU                           00000000
_PIE1                             00000000
_PIE1bits                         00000000
_PIE2                             00000000
_PIE2bits                         00000000
_PIR1                             00000000
_PIR1bits                         00000000
_PIR2                             00000000
_PIR2bits                         00000000
_PLUSW0                           00000000
_PLUSW1                           00000000
_PLUSW2                           00000000
_PORTA                            00000000
_PORTAbits                        00000000
_PORTB                            00000000
_PORTBbits                        00000000
_POSTDEC0                         00000000
_POSTDEC1                         00000000
_POSTDEC2                         00000000
_POSTINC0                         00000000
_POSTINC1                         00000000
_POSTINC2                         00000000
_PR2                              00000000
_PREINC0                          00000000
_PREINC1                          00000000
_PREINC2                          00000000
_PRODH                            00000000
_PRODL                            00000000
_RCON                             00000000
_RCONbits                         00000000
_RCREG                            00000000
_RCSTA                            00000000
_RCSTAbits                        00000000
_SPBRG                            00000000
_SPBRGH                           00000000
_STATUS                           00000000
_STATUSbits                       00000000
_STKPTR                           00000000
_STKPTRbits                       00000000
_T0CON                            00000000
_T1CON                            00000000
_T1CONbits                        00000000
_T2CON                            00000000
_T2CONbits                        00000000
_T3CON                            00000000
_T3CONbits                        00000000
gpasm-0.13.4 beta               eeprom.asm  7-10-2008  00:58:18          PAGE  9


LOC  OBJECT CODE     LINE SOURCE TEXT
  VALUE
 
_TABLAT                           00000000
_TBLPTRH                          00000000
_TBLPTRL                          00000000
_TBLPTRU                          00000000
_TMR0H                            00000000
_TMR0L                            00000000
_TMR1H                            00000000
_TMR1L                            00000000
_TMR2                             00000000
_TMR3H                            00000000
_TMR3L                            00000000
_TOSH                             00000000
_TOSL                             00000000
_TOSU                             00000000
_TRISA                            00000000
_TRISAbits                        00000000
_TRISB                            00000000
_TRISBbits                        00000000
_TXREG                            00000000
_TXSTA                            00000000
_TXSTAbits                        00000000
_WDTCON                           00000000
_WDTCONbits                       00000000
_WREG                             00000000
__18F1320                         00000001
__gptrget1                        00000000
__gptrput1                        00000000
_do_eeprom_read                   00000000
_eeprom_data                      00000000
_incremental_save_counter         00000000
_init_eeprom                      00000000
_save_eeprom_if_needed            00000000
_trigger_save_eeprom              00000000
r0x00                             00000000
r0x01                             00000001
r0x02                             00000002


Errors   :       0
Warnings :       0 reported,       0 suppressed
Messages :       0 reported,       0 suppressed

