gpasm-0.13.4 beta               user.asm    11-9-2008  01:20:33          PAGE  1


LOC  OBJECT CODE     LINE SOURCE TEXT
  VALUE
 
               00001 ;--------------------------------------------------------
               00002 ; File Created by SDCC : FreeWare ANSI-C Compiler
               00003 ; Version 2.6.0 #4309 (Sep 23 2007)
               00004 ; This file generated Sun Nov  9 01:20:33 2008
               00005 ;--------------------------------------------------------
               00006 ; PIC16 port for the Microchip 16-bit core micros
               00007 ;--------------------------------------------------------
               00008         list    p=18f1320
               00009 
               00010         radix dec
               00011 
               00012 ;--------------------------------------------------------
               00013 ; public variables in this module
               00014 ;--------------------------------------------------------
               00015         global _silly_hour_display
               00016         global _init_user
               00017         global _check_for_user_input
               00018 
               00019 ;--------------------------------------------------------
               00020 ; extern variables in this module
               00021 ;--------------------------------------------------------
               00022         extern __gptrget1
               00023         extern _PORTAbits
               00024         extern _PORTBbits
               00025         extern _LATAbits
               00026         extern _LATBbits
               00027         extern _TRISAbits
               00028         extern _TRISBbits
               00029         extern _PIE1bits
               00030         extern _PIR1bits
               00031         extern _IPR1bits
               00032         extern _PIE2bits
               00033         extern _PIR2bits
               00034         extern _IPR2bits
               00035         extern _EECON1bits
               00036         extern _RCSTAbits
               00037         extern _TXSTAbits
               00038         extern _T3CONbits
               00039         extern _ECCPASbits
               00040         extern _CCP1CONbits
               00041         extern _ADCON2bits
               00042         extern _ADCON1bits
               00043         extern _ADCON0bits
               00044         extern _T2CONbits
               00045         extern _T1CONbits
               00046         extern _RCONbits
               00047         extern _WDTCONbits
               00048         extern _LVDCONbits
               00049         extern _OSCCONbits
               00050         extern _STATUSbits
               00051         extern _INTCON3bits
               00052         extern _INTCON2bits
               00053         extern _INTCONbits
               00054         extern _STKPTRbits
gpasm-0.13.4 beta               user.asm    11-9-2008  01:20:33          PAGE  2


LOC  OBJECT CODE     LINE SOURCE TEXT
  VALUE
 
               00055         extern _eeprom_data
               00056         extern _ds3231_time
               00057         extern _hours_meter
               00058         extern _mins_meter
               00059         extern _secs_meter
               00060         extern _PORTA
               00061         extern _PORTB
               00062         extern _LATA
               00063         extern _LATB
               00064         extern _TRISA
               00065         extern _TRISB
               00066         extern _PIE1
               00067         extern _PIR1
               00068         extern _IPR1
               00069         extern _PIE2
               00070         extern _PIR2
               00071         extern _IPR2
               00072         extern _EECON1
               00073         extern _EECON2
               00074         extern _EEDATA
               00075         extern _EEADR
               00076         extern _BAUDCTL
               00077         extern _RCSTA
               00078         extern _TXSTA
               00079         extern _TXREG
               00080         extern _RCREG
               00081         extern _SPBRG
               00082         extern _SPBRGH
               00083         extern _T3CON
               00084         extern _TMR3L
               00085         extern _TMR3H
               00086         extern _ECCPAS
               00087         extern _CCP1CON
               00088         extern _CCPR1L
               00089         extern _CCPR1H
               00090         extern _ADCON2
               00091         extern _ADCON1
               00092         extern _ADCON0
               00093         extern _ADRESL
               00094         extern _ADRESH
               00095         extern _T2CON
               00096         extern _PR2
               00097         extern _TMR2
               00098         extern _T1CON
               00099         extern _TMR1L
               00100         extern _TMR1H
               00101         extern _RCON
               00102         extern _WDTCON
               00103         extern _LVDCON
               00104         extern _OSCCON
               00105         extern _T0CON
               00106         extern _TMR0L
               00107         extern _TMR0H
               00108         extern _STATUS
gpasm-0.13.4 beta               user.asm    11-9-2008  01:20:33          PAGE  3


LOC  OBJECT CODE     LINE SOURCE TEXT
  VALUE
 
               00109         extern _FSR2L
               00110         extern _FSR2H
               00111         extern _PLUSW2
               00112         extern _PREINC2
               00113         extern _POSTDEC2
               00114         extern _POSTINC2
               00115         extern _INDF2
               00116         extern _BSR
               00117         extern _FSR1L
               00118         extern _FSR1H
               00119         extern _PLUSW1
               00120         extern _PREINC1
               00121         extern _POSTDEC1
               00122         extern _POSTINC1
               00123         extern _INDF1
               00124         extern _WREG
               00125         extern _FSR0L
               00126         extern _FSR0H
               00127         extern _PLUSW0
               00128         extern _PREINC0
               00129         extern _POSTDEC0
               00130         extern _POSTINC0
               00131         extern _INDF0
               00132         extern _INTCON3
               00133         extern _INTCON2
               00134         extern _INTCON
               00135         extern _PRODL
               00136         extern _PRODH
               00137         extern _TABLAT
               00138         extern _TBLPTRL
               00139         extern _TBLPTRH
               00140         extern _TBLPTRU
               00141         extern _PCL
               00142         extern _PCLATH
               00143         extern _PCLATU
               00144         extern _STKPTR
               00145         extern _TOSL
               00146         extern _TOSH
               00147         extern _TOSU
               00148         extern _delay10tcy
               00149         extern _save_time_to_rtc
               00150         extern _clear_secs
               00151         extern _inc_hours
               00152         extern _inc_mins
               00153         extern _save_eeprom_if_needed
               00154         extern _trigger_save_eeprom
               00155         extern _do_meters
               00156 ;--------------------------------------------------------
               00157 ;       Equates to used internal registers
               00158 ;--------------------------------------------------------
  00000FD8     00159 STATUS  equ     0xfd8
  00000FE8     00160 WREG    equ     0xfe8
  00000FE9     00161 FSR0L   equ     0xfe9
  00000FE1     00162 FSR1L   equ     0xfe1
gpasm-0.13.4 beta               user.asm    11-9-2008  01:20:33          PAGE  4


LOC  OBJECT CODE     LINE SOURCE TEXT
  VALUE
 
  00000FD9     00163 FSR2L   equ     0xfd9
  00000FE5     00164 POSTDEC1        equ     0xfe5
  00000FE4     00165 PREINC1 equ     0xfe4
  00000FF3     00166 PRODL   equ     0xff3
               00167 
               00168 
               00169 ; Internal registers
               00170 .registers      udata_ovr       0x0000
               00171 r0x00   res     1
               00172 r0x01   res     1
               00173 r0x02   res     1
               00174 r0x03   res     1
               00175 r0x04   res     1
               00176 
               00177 udata_user_0    udata
               00178 _silly_hour_display     res     1
               00179 
               00180 udata_user_1    udata
               00181 _hours_debounce res     2
               00182 
               00183 udata_user_2    udata
               00184 _mins_debounce  res     2
               00185 
               00186 udata_user_3    udata
               00187 _secs_debounce  res     2
               00188 
               00189 ;--------------------------------------------------------
               00190 ; global & static initialisations
               00191 ;--------------------------------------------------------
               00192 ; I code from now on!
               00193 ; ; Starting pCode block
               00194 S_user__check_for_user_input    code
0000           00195 _check_for_user_input:
               00196 ;       .line   107; user.c     void check_for_user_input(){
0000 C000 FFE5 00197         MOVFF   r0x00, POSTDEC1
0004 C000 FFE5 00198         MOVFF   r0x01, POSTDEC1
0008 C000 FFE5 00199         MOVFF   r0x02, POSTDEC1
000C C000 FFE5 00200         MOVFF   r0x03, POSTDEC1
               00201 ;       .line   108; user.c     if (debounce_just_pressed(hours_debounce,hours_switch_raw)){
0010 B000      00202         BTFSC   _PORTAbits, 0
0012 D000      00203         BRA     _00199_DS_
0014 0E7C      00204         MOVLW   0x7c
0016 0000      00205         BANKSEL _hours_debounce
0018 5D00      00206         SUBWF   _hours_debounce, W, B
001A B0D8      00207         BTFSC   STATUS, 0
001C D000      00208         BRA     _00199_DS_
001E 6A00      00209         CLRF    r0x00
0020 B000      00210         BTFSC   _PORTAbits, 0
0022 2A00      00211         INCF    r0x00, F
0024 5000      00212         MOVF    r0x00, W
0026 80D8      00213         BSF     STATUS, 0
0028 66E8      00214         TSTFSZ  WREG
002A 90D8      00215         BCF     STATUS, 0
002C 6A00      00216         CLRF    r0x00
gpasm-0.13.4 beta               user.asm    11-9-2008  01:20:33          PAGE  5


LOC  OBJECT CODE     LINE SOURCE TEXT
  VALUE
 
002E 3600      00217         RLCF    r0x00, F
               00218 ; removed redundant BANKSEL
0030 5100      00219         MOVF    (_hours_debounce + 1), W, B
0032 1800      00220         XORWF   r0x00, W
0034 E000      00221         BZ      _00199_DS_
               00222 ;       .line   109; user.c     inc_one_hour();
0036 EC00 F000 00223         CALL    _inc_hours
003A EC00 F000 00224         CALL    _inc_hours
003E EC00 F000 00225         CALL    _inc_hours
0042 EC00 F000 00226         CALL    _inc_hours
0046 EC00 F000 00227         CALL    _inc_hours
004A EC00 F000 00228         CALL    _inc_hours
004E EC00 F000 00229         CALL    _inc_hours
0052 EC00 F000 00230         CALL    _inc_hours
0056 EC00 F000 00231         CALL    _inc_hours
005A EC00 F000 00232         CALL    _inc_hours
               00233 ;       .line   110; user.c     inc_metric_sw_hours();
005E EC00 F000 00234         CALL    _trigger_save_eeprom
0062 C000 F000 00235         MOVFF   (_eeprom_data + 4), r0x00
0066 C000 F000 00236         MOVFF   (_eeprom_data + 5), r0x01
006A C000 F000 00237         MOVFF   (_eeprom_data + 6), r0x02
006E C000 F000 00238         MOVFF   (_eeprom_data + 7), r0x03
0072 2A00      00239         INCF    r0x00, F
0074 B0D8      00240         BTFSC   STATUS, 0
0076 2A00      00241         INCF    r0x01, F
0078 B0D8      00242         BTFSC   STATUS, 0
007A 2A00      00243         INCF    r0x02, F
007C B0D8      00244         BTFSC   STATUS, 0
007E 2A00      00245         INCF    r0x03, F
0080 5000      00246         MOVF    r0x00, W
0082 0000      00247         BANKSEL (_eeprom_data + 4)
0084 6F00      00248         MOVWF   (_eeprom_data + 4), B
0086 5000      00249         MOVF    r0x01, W
               00250 ; removed redundant BANKSEL
0088 6F00      00251         MOVWF   (_eeprom_data + 5), B
008A 5000      00252         MOVF    r0x02, W
               00253 ; removed redundant BANKSEL
008C 6F00      00254         MOVWF   (_eeprom_data + 6), B
008E 5000      00255         MOVF    r0x03, W
               00256 ; removed redundant BANKSEL
0090 6F00      00257         MOVWF   (_eeprom_data + 7), B
               00258 ;       .line   111; user.c     save_time_to_rtc();
0092 EC00 F000 00259         CALL    _save_time_to_rtc
0096           00260 _00199_DS_:
               00261 ;       .line   118; user.c     if (debounce_just_pressed(mins_debounce,mins_switch_raw)){
0096 B400      00262         BTFSC   _PORTAbits, 2
0098 D000      00263         BRA     _00203_DS_
009A 0E7C      00264         MOVLW   0x7c
009C 0000      00265         BANKSEL _mins_debounce
009E 5D00      00266         SUBWF   _mins_debounce, W, B
00A0 E200      00267         BC      _00203_DS_
00A2 6A00      00268         CLRF    r0x00
00A4 B400      00269         BTFSC   _PORTAbits, 2
00A6 2A00      00270         INCF    r0x00, F
gpasm-0.13.4 beta               user.asm    11-9-2008  01:20:33          PAGE  6


LOC  OBJECT CODE     LINE SOURCE TEXT
  VALUE
 
00A8 5000      00271         MOVF    r0x00, W
00AA 80D8      00272         BSF     STATUS, 0
00AC 66E8      00273         TSTFSZ  WREG
00AE 90D8      00274         BCF     STATUS, 0
00B0 6A00      00275         CLRF    r0x00
00B2 3600      00276         RLCF    r0x00, F
               00277 ; removed redundant BANKSEL
00B4 5100      00278         MOVF    (_mins_debounce + 1), W, B
00B6 1800      00279         XORWF   r0x00, W
00B8 E000      00280         BZ      _00203_DS_
               00281 ;       .line   119; user.c     inc_one_minute();
00BA EC00 F000 00282         CALL    _inc_mins
00BE EC00 F000 00283         CALL    _inc_mins
00C2 EC00 F000 00284         CALL    _inc_mins
00C6 EC00 F000 00285         CALL    _inc_mins
               00286 ;       .line   120; user.c     inc_metric_sw_mins();
00CA EC00 F000 00287         CALL    _trigger_save_eeprom
00CE C000 F000 00288         MOVFF   (_eeprom_data + 8), r0x00
00D2 C000 F000 00289         MOVFF   (_eeprom_data + 9), r0x01
00D6 C000 F000 00290         MOVFF   (_eeprom_data + 10), r0x02
00DA C000 F000 00291         MOVFF   (_eeprom_data + 11), r0x03
00DE 2A00      00292         INCF    r0x00, F
00E0 B0D8      00293         BTFSC   STATUS, 0
00E2 2A00      00294         INCF    r0x01, F
00E4 B0D8      00295         BTFSC   STATUS, 0
00E6 2A00      00296         INCF    r0x02, F
00E8 B0D8      00297         BTFSC   STATUS, 0
00EA 2A00      00298         INCF    r0x03, F
00EC 5000      00299         MOVF    r0x00, W
00EE 0000      00300         BANKSEL (_eeprom_data + 8)
00F0 6F00      00301         MOVWF   (_eeprom_data + 8), B
00F2 5000      00302         MOVF    r0x01, W
               00303 ; removed redundant BANKSEL
00F4 6F00      00304         MOVWF   (_eeprom_data + 9), B
00F6 5000      00305         MOVF    r0x02, W
               00306 ; removed redundant BANKSEL
00F8 6F00      00307         MOVWF   (_eeprom_data + 10), B
00FA 5000      00308         MOVF    r0x03, W
               00309 ; removed redundant BANKSEL
00FC 6F00      00310         MOVWF   (_eeprom_data + 11), B
               00311 ;       .line   121; user.c     save_time_to_rtc();
00FE EC00 F000 00312         CALL    _save_time_to_rtc
0102           00313 _00203_DS_:
               00314 ;       .line   124; user.c     if (debounce_just_pressed(secs_debounce,secs_switch_raw)){
0102 BE00      00315         BTFSC   _PORTAbits, 7
0104 D000      00316         BRA     _00207_DS_
0106 0E7C      00317         MOVLW   0x7c
0108 0000      00318         BANKSEL _secs_debounce
010A 5D00      00319         SUBWF   _secs_debounce, W, B
010C E200      00320         BC      _00207_DS_
010E 6A00      00321         CLRF    r0x00
0110 BE00      00322         BTFSC   _PORTAbits, 7
0112 2A00      00323         INCF    r0x00, F
0114 5000      00324         MOVF    r0x00, W
gpasm-0.13.4 beta               user.asm    11-9-2008  01:20:33          PAGE  7


LOC  OBJECT CODE     LINE SOURCE TEXT
  VALUE
 
0116 80D8      00325         BSF     STATUS, 0
0118 66E8      00326         TSTFSZ  WREG
011A 90D8      00327         BCF     STATUS, 0
011C 6A00      00328         CLRF    r0x00
011E 3600      00329         RLCF    r0x00, F
               00330 ; removed redundant BANKSEL
0120 5100      00331         MOVF    (_secs_debounce + 1), W, B
0122 1800      00332         XORWF   r0x00, W
0124 E000      00333         BZ      _00207_DS_
               00334 ;       .line   125; user.c     clear_secs();
0126 EC00 F000 00335         CALL    _clear_secs
               00336 ;       .line   126; user.c     inc_metric_sw_secs();
012A EC00 F000 00337         CALL    _trigger_save_eeprom
012E C000 F000 00338         MOVFF   (_eeprom_data + 12), r0x00
0132 C000 F000 00339         MOVFF   (_eeprom_data + 13), r0x01
0136 C000 F000 00340         MOVFF   (_eeprom_data + 14), r0x02
013A C000 F000 00341         MOVFF   (_eeprom_data + 15), r0x03
013E 2A00      00342         INCF    r0x00, F
0140 B0D8      00343         BTFSC   STATUS, 0
0142 2A00      00344         INCF    r0x01, F
0144 B0D8      00345         BTFSC   STATUS, 0
0146 2A00      00346         INCF    r0x02, F
0148 B0D8      00347         BTFSC   STATUS, 0
014A 2A00      00348         INCF    r0x03, F
014C 5000      00349         MOVF    r0x00, W
014E 0000      00350         BANKSEL (_eeprom_data + 12)
0150 6F00      00351         MOVWF   (_eeprom_data + 12), B
0152 5000      00352         MOVF    r0x01, W
               00353 ; removed redundant BANKSEL
0154 6F00      00354         MOVWF   (_eeprom_data + 13), B
0156 5000      00355         MOVF    r0x02, W
               00356 ; removed redundant BANKSEL
0158 6F00      00357         MOVWF   (_eeprom_data + 14), B
015A 5000      00358         MOVF    r0x03, W
               00359 ; removed redundant BANKSEL
015C 6F00      00360         MOVWF   (_eeprom_data + 15), B
               00361 ;       .line   127; user.c     save_time_to_rtc();
015E EC00 F000 00362         CALL    _save_time_to_rtc
0162           00363 _00207_DS_:
               00364 ;       .line   130; user.c     debounce_add_sample(hours_debounce,hours_switch_raw);
0162 6A00      00365         CLRF    r0x00
0164 B000      00366         BTFSC   _PORTAbits, 0
0166 2A00      00367         INCF    r0x00, F
0168 5000      00368         MOVF    r0x00, W
016A 80D8      00369         BSF     STATUS, 0
016C 66E8      00370         TSTFSZ  WREG
016E 90D8      00371         BCF     STATUS, 0
0170 6A00      00372         CLRF    r0x00
0172 3600      00373         RLCF    r0x00, F
0174 0000      00374         BANKSEL (_hours_debounce + 1)
0176 5100      00375         MOVF    (_hours_debounce + 1), W, B
0178 1800      00376         XORWF   r0x00, W
017A E000      00377         BZ      _00211_DS_
017C 0E7F      00378         MOVLW   0x7f
gpasm-0.13.4 beta               user.asm    11-9-2008  01:20:33          PAGE  8


LOC  OBJECT CODE     LINE SOURCE TEXT
  VALUE
 
017E 0000      00379         BANKSEL _hours_debounce
0180 6F00      00380         MOVWF   _hours_debounce, B
0182 6A00      00381         CLRF    r0x00
0184 B000      00382         BTFSC   _PORTAbits, 0
0186 2A00      00383         INCF    r0x00, F
0188 5000      00384         MOVF    r0x00, W
018A 80D8      00385         BSF     STATUS, 0
018C 66E8      00386         TSTFSZ  WREG
018E 90D8      00387         BCF     STATUS, 0
0190 6A00      00388         CLRF    r0x00
0192 3600      00389         RLCF    r0x00, F
0194 5000      00390         MOVF    r0x00, W
               00391 ; removed redundant BANKSEL
0196 6F00      00392         MOVWF   (_hours_debounce + 1), B
0198           00393 _00211_DS_:
0198 C000 F000 00394         MOVFF   _hours_debounce, r0x00
019C 5000      00395         MOVF    r0x00, W
019E E000      00396         BZ      _00213_DS_
01A0 0600      00397         DECF    r0x00, F
01A2 5000      00398         MOVF    r0x00, W
01A4 0000      00399         BANKSEL _hours_debounce
01A6 6F00      00400         MOVWF   _hours_debounce, B
01A8           00401 _00213_DS_:
               00402 ;       .line   131; user.c     debounce_add_sample(mins_debounce,mins_switch_raw);
01A8 6A00      00403         CLRF    r0x00
01AA B400      00404         BTFSC   _PORTAbits, 2
01AC 2A00      00405         INCF    r0x00, F
01AE 5000      00406         MOVF    r0x00, W
01B0 80D8      00407         BSF     STATUS, 0
01B2 66E8      00408         TSTFSZ  WREG
01B4 90D8      00409         BCF     STATUS, 0
01B6 6A00      00410         CLRF    r0x00
01B8 3600      00411         RLCF    r0x00, F
01BA 0000      00412         BANKSEL (_mins_debounce + 1)
01BC 5100      00413         MOVF    (_mins_debounce + 1), W, B
01BE 1800      00414         XORWF   r0x00, W
01C0 E000      00415         BZ      _00215_DS_
01C2 0E7F      00416         MOVLW   0x7f
01C4 0000      00417         BANKSEL _mins_debounce
01C6 6F00      00418         MOVWF   _mins_debounce, B
01C8 6A00      00419         CLRF    r0x00
01CA B400      00420         BTFSC   _PORTAbits, 2
01CC 2A00      00421         INCF    r0x00, F
01CE 5000      00422         MOVF    r0x00, W
01D0 80D8      00423         BSF     STATUS, 0
01D2 66E8      00424         TSTFSZ  WREG
01D4 90D8      00425         BCF     STATUS, 0
01D6 6A00      00426         CLRF    r0x00
01D8 3600      00427         RLCF    r0x00, F
01DA 5000      00428         MOVF    r0x00, W
               00429 ; removed redundant BANKSEL
01DC 6F00      00430         MOVWF   (_mins_debounce + 1), B
01DE           00431 _00215_DS_:
01DE C000 F000 00432         MOVFF   _mins_debounce, r0x00
gpasm-0.13.4 beta               user.asm    11-9-2008  01:20:33          PAGE  9


LOC  OBJECT CODE     LINE SOURCE TEXT
  VALUE
 
01E2 5000      00433         MOVF    r0x00, W
01E4 E000      00434         BZ      _00217_DS_
01E6 0600      00435         DECF    r0x00, F
01E8 5000      00436         MOVF    r0x00, W
01EA 0000      00437         BANKSEL _mins_debounce
01EC 6F00      00438         MOVWF   _mins_debounce, B
01EE           00439 _00217_DS_:
               00440 ;       .line   132; user.c     debounce_add_sample(secs_debounce,secs_switch_raw);
01EE 6A00      00441         CLRF    r0x00
01F0 BE00      00442         BTFSC   _PORTAbits, 7
01F2 2A00      00443         INCF    r0x00, F
01F4 5000      00444         MOVF    r0x00, W
01F6 80D8      00445         BSF     STATUS, 0
01F8 66E8      00446         TSTFSZ  WREG
01FA 90D8      00447         BCF     STATUS, 0
01FC 6A00      00448         CLRF    r0x00
01FE 3600      00449         RLCF    r0x00, F
0200 0000      00450         BANKSEL (_secs_debounce + 1)
0202 5100      00451         MOVF    (_secs_debounce + 1), W, B
0204 1800      00452         XORWF   r0x00, W
0206 E000      00453         BZ      _00219_DS_
0208 0E7F      00454         MOVLW   0x7f
020A 0000      00455         BANKSEL _secs_debounce
020C 6F00      00456         MOVWF   _secs_debounce, B
020E 6A00      00457         CLRF    r0x00
0210 BE00      00458         BTFSC   _PORTAbits, 7
0212 2A00      00459         INCF    r0x00, F
0214 5000      00460         MOVF    r0x00, W
0216 80D8      00461         BSF     STATUS, 0
0218 66E8      00462         TSTFSZ  WREG
021A 90D8      00463         BCF     STATUS, 0
021C 6A00      00464         CLRF    r0x00
021E 3600      00465         RLCF    r0x00, F
0220 5000      00466         MOVF    r0x00, W
               00467 ; removed redundant BANKSEL
0222 6F00      00468         MOVWF   (_secs_debounce + 1), B
0224           00469 _00219_DS_:
0224 C000 F000 00470         MOVFF   _secs_debounce, r0x00
0228 5000      00471         MOVF    r0x00, W
022A E000      00472         BZ      _00222_DS_
022C 0600      00473         DECF    r0x00, F
022E 5000      00474         MOVF    r0x00, W
0230 0000      00475         BANKSEL _secs_debounce
0232 6F00      00476         MOVWF   _secs_debounce, B
0234           00477 _00222_DS_:
0234 CFE4 F000 00478         MOVFF   PREINC1, r0x03
0238 CFE4 F000 00479         MOVFF   PREINC1, r0x02
023C CFE4 F000 00480         MOVFF   PREINC1, r0x01
0240 CFE4 F000 00481         MOVFF   PREINC1, r0x00
0244 0012      00482         RETURN  
               00483 
               00484 ; ; Starting pCode block
               00485 S_user__init_user       code
0000           00486 _init_user:
gpasm-0.13.4 beta               user.asm    11-9-2008  01:20:33          PAGE 10


LOC  OBJECT CODE     LINE SOURCE TEXT
  VALUE
 
               00487 ;       .line   38; user.c      void init_user(){
0000 C000 FFE5 00488         MOVFF   r0x00, POSTDEC1
0004 C000 FFE5 00489         MOVFF   r0x01, POSTDEC1
0008 C000 FFE5 00490         MOVFF   r0x02, POSTDEC1
000C C000 FFE5 00491         MOVFF   r0x03, POSTDEC1
0010 C000 FFE5 00492         MOVFF   r0x04, POSTDEC1
               00493 ;       .line   41; user.c      TRISAbits.TRISA0 = 1;
0014 8000      00494         BSF     _TRISAbits, 0
               00495 ;       .line   42; user.c      TRISAbits.TRISA2 = 1;
0016 8400      00496         BSF     _TRISAbits, 2
               00497 ;       .line   43; user.c      TRISAbits.TRISA7 = 1;
0018 8E00      00498         BSF     _TRISAbits, 7
               00499 ;       .line   45; user.c      if (hours_switch_raw || mins_switch_raw || secs_switch_raw){
001A A000      00500         BTFSS   _PORTAbits, 0
001C D000      00501         BRA     _00149_DS_
001E A400      00502         BTFSS   _PORTAbits, 2
0020 D000      00503         BRA     _00149_DS_
0022 BE00      00504         BTFSC   _PORTAbits, 7
0024 D000      00505         BRA     _00153_DS_
0026           00506 _00149_DS_:
               00507 ;       .line   47; user.c      inc_metric_meta();
0026 EC00 F000 00508         CALL    _trigger_save_eeprom
002A C000 F000 00509         MOVFF   (_eeprom_data + 24), r0x00
002E C000 F000 00510         MOVFF   (_eeprom_data + 25), r0x01
0032 C000 F000 00511         MOVFF   (_eeprom_data + 26), r0x02
0036 C000 F000 00512         MOVFF   (_eeprom_data + 27), r0x03
003A 2A00      00513         INCF    r0x00, F
003C B0D8      00514         BTFSC   STATUS, 0
003E 2A00      00515         INCF    r0x01, F
0040 B0D8      00516         BTFSC   STATUS, 0
0042 2A00      00517         INCF    r0x02, F
0044 B0D8      00518         BTFSC   STATUS, 0
0046 2A00      00519         INCF    r0x03, F
0048 5000      00520         MOVF    r0x00, W
004A 0000      00521         BANKSEL (_eeprom_data + 24)
004C 6F00      00522         MOVWF   (_eeprom_data + 24), B
004E 5000      00523         MOVF    r0x01, W
               00524 ; removed redundant BANKSEL
0050 6F00      00525         MOVWF   (_eeprom_data + 25), B
0052 5000      00526         MOVF    r0x02, W
               00527 ; removed redundant BANKSEL
0054 6F00      00528         MOVWF   (_eeprom_data + 26), B
0056 5000      00529         MOVF    r0x03, W
               00530 ; removed redundant BANKSEL
0058 6F00      00531         MOVWF   (_eeprom_data + 27), B
               00532 ;       .line   52; user.c      if (hours_switch_raw && !mins_switch_raw && !secs_switch_raw){
005A B000      00533         BTFSC   _PORTAbits, 0
005C D000      00534         BRA     _00142_DS_
005E A400      00535         BTFSS   _PORTAbits, 2
0060 D000      00536         BRA     _00142_DS_
0062 AE00      00537         BTFSS   _PORTAbits, 7
0064 D000      00538         BRA     _00142_DS_
0066 0000      00539         BANKSEL _secs_meter
               00540 ;       .line   53; user.c      hours_meter = mins_meter = secs_meter = 0;
gpasm-0.13.4 beta               user.asm    11-9-2008  01:20:33          PAGE 11


LOC  OBJECT CODE     LINE SOURCE TEXT
  VALUE
 
0068 6B00      00541         CLRF    _secs_meter, B
006A 0000      00542         BANKSEL _mins_meter
006C 6B00      00543         CLRF    _mins_meter, B
006E 0000      00544         BANKSEL _hours_meter
0070 6B00      00545         CLRF    _hours_meter, B
0072 D000      00546         BRA     _00147_DS_
0074           00547 _00142_DS_:
               00548 ;       .line   54; user.c      } else if (!hours_switch_raw && mins_switch_raw && !secs_switch_raw){
0074 A000      00549         BTFSS   _PORTAbits, 0
0076 D000      00550         BRA     _00137_DS_
0078 B400      00551         BTFSC   _PORTAbits, 2
007A D000      00552         BRA     _00137_DS_
007C AE00      00553         BTFSS   _PORTAbits, 7
007E D000      00554         BRA     _00137_DS_
               00555 ;       .line   55; user.c      hours_meter = mins_meter = secs_meter = meter_range / 2;
0080 0E78      00556         MOVLW   0x78
0082 0000      00557         BANKSEL _secs_meter
0084 6F00      00558         MOVWF   _secs_meter, B
0086 0000      00559         BANKSEL _mins_meter
0088 6F00      00560         MOVWF   _mins_meter, B
008A 0000      00561         BANKSEL _hours_meter
008C 6F00      00562         MOVWF   _hours_meter, B
008E D000      00563         BRA     _00147_DS_
0090           00564 _00137_DS_:
               00565 ;       .line   56; user.c      } else if (!hours_switch_raw && !mins_switch_raw && secs_switch_raw){
0090 A000      00566         BTFSS   _PORTAbits, 0
0092 D000      00567         BRA     _00132_DS_
0094 A400      00568         BTFSS   _PORTAbits, 2
0096 D000      00569         BRA     _00132_DS_
0098 BE00      00570         BTFSC   _PORTAbits, 7
009A D000      00571         BRA     _00132_DS_
               00572 ;       .line   57; user.c      hours_meter = mins_meter = secs_meter = meter_range - 1;
009C 0EEF      00573         MOVLW   0xef
009E 0000      00574         BANKSEL _secs_meter
00A0 6F00      00575         MOVWF   _secs_meter, B
00A2 0000      00576         BANKSEL _mins_meter
00A4 6F00      00577         MOVWF   _mins_meter, B
00A6 0000      00578         BANKSEL _hours_meter
00A8 6F00      00579         MOVWF   _hours_meter, B
00AA D000      00580         BRA     _00147_DS_
00AC           00581 _00132_DS_:
               00582 ;       .line   66; user.c      i = 0;
00AC 6A00      00583         CLRF    r0x00
               00584 ; ;multiply lit val:0x06 by variable r0x00 and store in r0x01
               00585 ; ;Unrolled 8 X 8 multiplication
               00586 ; ;FIXME: the function does not support result==WREG
00AE           00587 _00129_DS_:
               00588 ;       .line   68; user.c      hours_meter = meter_range - ((meter_range / (sizeof(eeprom_data) - 1)) * i);
00AE 5000      00589         MOVF    r0x00, W
00B0 0D06      00590         MULLW   0x06
00B2 CFF3 F000 00591         MOVFF   PRODL, r0x01
00B6 5000      00592         MOVF    r0x01, W
00B8 08F0      00593         SUBLW   0xf0
00BA 0000      00594         BANKSEL _hours_meter
gpasm-0.13.4 beta               user.asm    11-9-2008  01:20:33          PAGE 12


LOC  OBJECT CODE     LINE SOURCE TEXT
  VALUE
 
00BC 6F00      00595         MOVWF   _hours_meter, B
               00596 ;       .line   70; user.c      (((uint8_t *)(&eeprom_data))[i] / 16));
00BE 0E00      00597         MOVLW   HIGH(_eeprom_data)
00C0 6E00      00598         MOVWF   r0x02
00C2 0E00      00599         MOVLW   LOW(_eeprom_data)
00C4 6E00      00600         MOVWF   r0x01
00C6 0E80      00601         MOVLW   0x80
00C8 6E00      00602         MOVWF   r0x03
00CA 5000      00603         MOVF    r0x00, W
00CC 2600      00604         ADDWF   r0x01, F
00CE 6AE8      00605         CLRF    WREG
00D0 2200      00606         ADDWFC  r0x02, F
00D2 6AE8      00607         CLRF    WREG
00D4 2200      00608         ADDWFC  r0x03, F
00D6 C000 FFE9 00609         MOVFF   r0x01, FSR0L
00DA C000 FFF3 00610         MOVFF   r0x02, PRODL
00DE 5000      00611         MOVF    r0x03, W
00E0 EC00 F000 00612         CALL    __gptrget1
00E4 6E00      00613         MOVWF   r0x01
00E6 3800      00614         SWAPF   r0x01, W
00E8 0B0F      00615         ANDLW   0x0f
               00616 ; ;multiply lit val:0x10 by variable r0x01 and store in r0x01
               00617 ; ;Unrolled 8 X 8 multiplication
               00618 ; ;FIXME: the function does not support result==WREG
00EA 0D10      00619         MULLW   0x10
00EC CFF3 F000 00620         MOVFF   PRODL, r0x01
00F0 5000      00621         MOVF    r0x01, W
00F2 08F0      00622         SUBLW   0xf0
00F4 0000      00623         BANKSEL _mins_meter
00F6 6F00      00624         MOVWF   _mins_meter, B
               00625 ;       .line   72; user.c      (((uint8_t *)(&eeprom_data))[i] % 16));
00F8 0E00      00626         MOVLW   HIGH(_eeprom_data)
00FA 6E00      00627         MOVWF   r0x02
00FC 0E00      00628         MOVLW   LOW(_eeprom_data)
00FE 6E00      00629         MOVWF   r0x01
0100 0E80      00630         MOVLW   0x80
0102 6E00      00631         MOVWF   r0x03
0104 5000      00632         MOVF    r0x00, W
0106 2600      00633         ADDWF   r0x01, F
0108 6AE8      00634         CLRF    WREG
010A 2200      00635         ADDWFC  r0x02, F
010C 6AE8      00636         CLRF    WREG
010E 2200      00637         ADDWFC  r0x03, F
0110 C000 FFE9 00638         MOVFF   r0x01, FSR0L
0114 C000 FFF3 00639         MOVFF   r0x02, PRODL
0118 5000      00640         MOVF    r0x03, W
011A EC00 F000 00641         CALL    __gptrget1
011E 6E00      00642         MOVWF   r0x01
0120 0E0F      00643         MOVLW   0x0f
0122 1600      00644         ANDWF   r0x01, F
               00645 ; ;multiply lit val:0x10 by variable r0x01 and store in r0x01
               00646 ; ;Unrolled 8 X 8 multiplication
               00647 ; ;FIXME: the function does not support result==WREG
0124 5000      00648         MOVF    r0x01, W
gpasm-0.13.4 beta               user.asm    11-9-2008  01:20:33          PAGE 13


LOC  OBJECT CODE     LINE SOURCE TEXT
  VALUE
 
0126 0D10      00649         MULLW   0x10
0128 CFF3 F000 00650         MOVFF   PRODL, r0x01
012C 5000      00651         MOVF    r0x01, W
012E 08F0      00652         SUBLW   0xf0
0130 0000      00653         BANKSEL _secs_meter
0132 6F00      00654         MOVWF   _secs_meter, B
               00655 ;       .line   74; user.c      if (debounce_just_pressed(hours_debounce,hours_switch_raw)){
0134 B000      00656         BTFSC   _PORTAbits, 0
0136 D000      00657         BRA     _00108_DS_
0138 0E7C      00658         MOVLW   0x7c
013A 0000      00659         BANKSEL _hours_debounce
013C 5D00      00660         SUBWF   _hours_debounce, W, B
013E E200      00661         BC      _00108_DS_
0140 6A00      00662         CLRF    r0x01
0142 B000      00663         BTFSC   _PORTAbits, 0
0144 2A00      00664         INCF    r0x01, F
0146 5000      00665         MOVF    r0x01, W
0148 80D8      00666         BSF     STATUS, 0
014A 66E8      00667         TSTFSZ  WREG
014C 90D8      00668         BCF     STATUS, 0
014E 6A00      00669         CLRF    r0x01
0150 3600      00670         RLCF    r0x01, F
               00671 ; removed redundant BANKSEL
0152 5100      00672         MOVF    (_hours_debounce + 1), W, B
0154 1800      00673         XORWF   r0x01, W
0156 E000      00674         BZ      _00108_DS_
               00675 ;       .line   75; user.c      inc_metric_sw_hours();
0158 EC00 F000 00676         CALL    _trigger_save_eeprom
015C C000 F000 00677         MOVFF   (_eeprom_data + 4), r0x01
0160 C000 F000 00678         MOVFF   (_eeprom_data + 5), r0x02
0164 C000 F000 00679         MOVFF   (_eeprom_data + 6), r0x03
0168 C000 F000 00680         MOVFF   (_eeprom_data + 7), r0x04
016C 2A00      00681         INCF    r0x01, F
016E B0D8      00682         BTFSC   STATUS, 0
0170 2A00      00683         INCF    r0x02, F
0172 B0D8      00684         BTFSC   STATUS, 0
0174 2A00      00685         INCF    r0x03, F
0176 B0D8      00686         BTFSC   STATUS, 0
0178 2A00      00687         INCF    r0x04, F
017A 5000      00688         MOVF    r0x01, W
017C 0000      00689         BANKSEL (_eeprom_data + 4)
017E 6F00      00690         MOVWF   (_eeprom_data + 4), B
0180 5000      00691         MOVF    r0x02, W
               00692 ; removed redundant BANKSEL
0182 6F00      00693         MOVWF   (_eeprom_data + 5), B
0184 5000      00694         MOVF    r0x03, W
               00695 ; removed redundant BANKSEL
0186 6F00      00696         MOVWF   (_eeprom_data + 6), B
0188 5000      00697         MOVF    r0x04, W
               00698 ; removed redundant BANKSEL
018A 6F00      00699         MOVWF   (_eeprom_data + 7), B
               00700 ;       .line   76; user.c      i++;
018C 2A00      00701         INCF    r0x00, F
               00702 ;       .line   77; user.c      if (i >= sizeof(eeprom_data))
gpasm-0.13.4 beta               user.asm    11-9-2008  01:20:33          PAGE 14


LOC  OBJECT CODE     LINE SOURCE TEXT
  VALUE
 
018E 0E24      00703         MOVLW   0x24
0190 5C00      00704         SUBWF   r0x00, W
0192 E300      00705         BNC     _00108_DS_
               00706 ;       .line   78; user.c      i = 0;
0194 6A00      00707         CLRF    r0x00
0196           00708 _00108_DS_:
               00709 ;       .line   80; user.c      if (debounce_just_pressed(secs_debounce,secs_switch_raw)){
0196 BE00      00710         BTFSC   _PORTAbits, 7
0198 D000      00711         BRA     _00114_DS_
019A 0E7C      00712         MOVLW   0x7c
019C 0000      00713         BANKSEL _secs_debounce
019E 5D00      00714         SUBWF   _secs_debounce, W, B
01A0 E200      00715         BC      _00114_DS_
01A2 6A00      00716         CLRF    r0x01
01A4 BE00      00717         BTFSC   _PORTAbits, 7
01A6 2A00      00718         INCF    r0x01, F
01A8 5000      00719         MOVF    r0x01, W
01AA 80D8      00720         BSF     STATUS, 0
01AC 66E8      00721         TSTFSZ  WREG
01AE 90D8      00722         BCF     STATUS, 0
01B0 6A00      00723         CLRF    r0x01
01B2 3600      00724         RLCF    r0x01, F
               00725 ; removed redundant BANKSEL
01B4 5100      00726         MOVF    (_secs_debounce + 1), W, B
01B6 1800      00727         XORWF   r0x01, W
01B8 E000      00728         BZ      _00114_DS_
               00729 ;       .line   81; user.c      inc_metric_sw_secs();
01BA EC00 F000 00730         CALL    _trigger_save_eeprom
01BE C000 F000 00731         MOVFF   (_eeprom_data + 12), r0x01
01C2 C000 F000 00732         MOVFF   (_eeprom_data + 13), r0x02
01C6 C000 F000 00733         MOVFF   (_eeprom_data + 14), r0x03
01CA C000 F000 00734         MOVFF   (_eeprom_data + 15), r0x04
01CE 2A00      00735         INCF    r0x01, F
01D0 B0D8      00736         BTFSC   STATUS, 0
01D2 2A00      00737         INCF    r0x02, F
01D4 B0D8      00738         BTFSC   STATUS, 0
01D6 2A00      00739         INCF    r0x03, F
01D8 B0D8      00740         BTFSC   STATUS, 0
01DA 2A00      00741         INCF    r0x04, F
01DC 5000      00742         MOVF    r0x01, W
01DE 0000      00743         BANKSEL (_eeprom_data + 12)
01E0 6F00      00744         MOVWF   (_eeprom_data + 12), B
01E2 5000      00745         MOVF    r0x02, W
               00746 ; removed redundant BANKSEL
01E4 6F00      00747         MOVWF   (_eeprom_data + 13), B
01E6 5000      00748         MOVF    r0x03, W
               00749 ; removed redundant BANKSEL
01E8 6F00      00750         MOVWF   (_eeprom_data + 14), B
01EA 5000      00751         MOVF    r0x04, W
               00752 ; removed redundant BANKSEL
01EC 6F00      00753         MOVWF   (_eeprom_data + 15), B
               00754 ;       .line   82; user.c      i--;
01EE 0600      00755         DECF    r0x00, F
               00756 ;       .line   83; user.c      if (i >= sizeof(eeprom_data))
gpasm-0.13.4 beta               user.asm    11-9-2008  01:20:33          PAGE 15


LOC  OBJECT CODE     LINE SOURCE TEXT
  VALUE
 
01F0 0E24      00757         MOVLW   0x24
01F2 5C00      00758         SUBWF   r0x00, W
01F4 E300      00759         BNC     _00114_DS_
               00760 ;       .line   84; user.c      i = sizeof(eeprom_data) - 1;
01F6 0E23      00761         MOVLW   0x23
01F8 6E00      00762         MOVWF   r0x00
01FA           00763 _00114_DS_:
               00764 ;       .line   87; user.c      debounce_add_sample(hours_debounce,hours_switch_raw);
01FA 6A00      00765         CLRF    r0x01
01FC B000      00766         BTFSC   _PORTAbits, 0
01FE 2A00      00767         INCF    r0x01, F
0200 5000      00768         MOVF    r0x01, W
0202 80D8      00769         BSF     STATUS, 0
0204 66E8      00770         TSTFSZ  WREG
0206 90D8      00771         BCF     STATUS, 0
0208 6A00      00772         CLRF    r0x01
020A 3600      00773         RLCF    r0x01, F
020C 0000      00774         BANKSEL (_hours_debounce + 1)
020E 5100      00775         MOVF    (_hours_debounce + 1), W, B
0210 1800      00776         XORWF   r0x01, W
0212 E000      00777         BZ      _00118_DS_
0214 0E7F      00778         MOVLW   0x7f
0216 0000      00779         BANKSEL _hours_debounce
0218 6F00      00780         MOVWF   _hours_debounce, B
021A 6A00      00781         CLRF    r0x01
021C B000      00782         BTFSC   _PORTAbits, 0
021E 2A00      00783         INCF    r0x01, F
0220 5000      00784         MOVF    r0x01, W
0222 80D8      00785         BSF     STATUS, 0
0224 66E8      00786         TSTFSZ  WREG
0226 90D8      00787         BCF     STATUS, 0
0228 6A00      00788         CLRF    r0x01
022A 3600      00789         RLCF    r0x01, F
022C 5000      00790         MOVF    r0x01, W
               00791 ; removed redundant BANKSEL
022E 6F00      00792         MOVWF   (_hours_debounce + 1), B
0230           00793 _00118_DS_:
0230 C000 F000 00794         MOVFF   _hours_debounce, r0x01
0234 5000      00795         MOVF    r0x01, W
0236 E000      00796         BZ      _00120_DS_
0238 0600      00797         DECF    r0x01, F
023A 5000      00798         MOVF    r0x01, W
023C 0000      00799         BANKSEL _hours_debounce
023E 6F00      00800         MOVWF   _hours_debounce, B
0240           00801 _00120_DS_:
               00802 ;       .line   88; user.c      debounce_add_sample(secs_debounce,secs_switch_raw);
0240 6A00      00803         CLRF    r0x01
0242 BE00      00804         BTFSC   _PORTAbits, 7
0244 2A00      00805         INCF    r0x01, F
0246 5000      00806         MOVF    r0x01, W
0248 80D8      00807         BSF     STATUS, 0
024A 66E8      00808         TSTFSZ  WREG
024C 90D8      00809         BCF     STATUS, 0
024E 6A00      00810         CLRF    r0x01
gpasm-0.13.4 beta               user.asm    11-9-2008  01:20:33          PAGE 16


LOC  OBJECT CODE     LINE SOURCE TEXT
  VALUE
 
0250 3600      00811         RLCF    r0x01, F
0252 0000      00812         BANKSEL (_secs_debounce + 1)
0254 5100      00813         MOVF    (_secs_debounce + 1), W, B
0256 1800      00814         XORWF   r0x01, W
0258 E000      00815         BZ      _00122_DS_
025A 0E7F      00816         MOVLW   0x7f
025C 0000      00817         BANKSEL _secs_debounce
025E 6F00      00818         MOVWF   _secs_debounce, B
0260 6A00      00819         CLRF    r0x01
0262 BE00      00820         BTFSC   _PORTAbits, 7
0264 2A00      00821         INCF    r0x01, F
0266 5000      00822         MOVF    r0x01, W
0268 80D8      00823         BSF     STATUS, 0
026A 66E8      00824         TSTFSZ  WREG
026C 90D8      00825         BCF     STATUS, 0
026E 6A00      00826         CLRF    r0x01
0270 3600      00827         RLCF    r0x01, F
0272 5000      00828         MOVF    r0x01, W
               00829 ; removed redundant BANKSEL
0274 6F00      00830         MOVWF   (_secs_debounce + 1), B
0276           00831 _00122_DS_:
0276 C000 F000 00832         MOVFF   _secs_debounce, r0x01
027A 5000      00833         MOVF    r0x01, W
027C E000      00834         BZ      _00124_DS_
027E 0600      00835         DECF    r0x01, F
0280 5000      00836         MOVF    r0x01, W
0282 0000      00837         BANKSEL _secs_debounce
0284 6F00      00838         MOVWF   _secs_debounce, B
0286           00839 _00124_DS_:
               00840 ;       .line   90; user.c      save_eeprom_if_needed();
0286 EC00 F000 00841         CALL    _save_eeprom_if_needed
               00842 ;       .line   92; user.c      while (j){
028A 6800      00843         SETF    r0x01
028C           00844 _00125_DS_:
028C 5000      00845         MOVF    r0x01, W
028E B4D8      00846         BTFSC   STATUS, 2
0290 D000      00847         BRA     _00129_DS_
               00848 ;       .line   93; user.c      j--;
0292 0600      00849         DECF    r0x01, F
               00850 ;       .line   94; user.c      do_meters();
0294 EC00 F000 00851         CALL    _do_meters
               00852 ;       .line   96; user.c      delay10tcy(5);
0298 0E05      00853         MOVLW   0x05
029A EC00 F000 00854         CALL    _delay10tcy
029E D000      00855         BRA     _00125_DS_
02A0           00856 _00147_DS_:
               00857 ;       .line   101; user.c     save_eeprom_if_needed();
02A0 EC00 F000 00858         CALL    _save_eeprom_if_needed
               00859 ;       .line   102; user.c     do_meters();
02A4 EC00 F000 00860         CALL    _do_meters
02A8 D000      00861         BRA     _00147_DS_
02AA           00862 _00153_DS_:
02AA CFE4 F000 00863         MOVFF   PREINC1, r0x04
02AE CFE4 F000 00864         MOVFF   PREINC1, r0x03
gpasm-0.13.4 beta               user.asm    11-9-2008  01:20:33          PAGE 17


LOC  OBJECT CODE     LINE SOURCE TEXT
  VALUE
 
02B2 CFE4 F000 00865         MOVFF   PREINC1, r0x02
02B6 CFE4 F000 00866         MOVFF   PREINC1, r0x01
02BA CFE4 F000 00867         MOVFF   PREINC1, r0x00
02BE 0012      00868         RETURN  
               00869 
               00870 
               00871 
               00872 ; Statistics:
               00873 ; code size:     1286 (0x0506) bytes ( 0.98%)
               00874 ;                 643 (0x0283) words
               00875 ; udata size:       7 (0x0007) bytes (10.94%)
               00876 ; access size:      5 (0x0005) bytes
               00877 
               00878 
gpasm-0.13.4 beta               user.asm    11-9-2008  01:20:33          PAGE 18


SYMBOL TABLE
  LABEL                             VALUE 

FSR0L                             00000FE9
FSR1L                             00000FE1
FSR2L                             00000FD9
POSTDEC1                          00000FE5
PREINC1                           00000FE4
PRODL                             00000FF3
STATUS                            00000FD8
WREG                              00000FE8
_00108_DS_                        00000196
_00114_DS_                        000001FA
_00118_DS_                        00000230
_00120_DS_                        00000240
_00122_DS_                        00000276
_00124_DS_                        00000286
_00125_DS_                        0000028C
_00129_DS_                        000000AE
_00132_DS_                        000000AC
_00137_DS_                        00000090
_00142_DS_                        00000074
_00147_DS_                        000002A0
_00149_DS_                        00000026
_00153_DS_                        000002AA
_00199_DS_                        00000096
_00203_DS_                        00000102
_00207_DS_                        00000162
_00211_DS_                        00000198
_00213_DS_                        000001A8
_00215_DS_                        000001DE
_00217_DS_                        000001EE
_00219_DS_                        00000224
_00222_DS_                        00000234
_ADCON0                           00000000
_ADCON0bits                       00000000
_ADCON1                           00000000
_ADCON1bits                       00000000
_ADCON2                           00000000
_ADCON2bits                       00000000
_ADRESH                           00000000
_ADRESL                           00000000
_BAUDCTL                          00000000
_BSR                              00000000
_CCP1CON                          00000000
_CCP1CONbits                      00000000
_CCPR1H                           00000000
_CCPR1L                           00000000
_ECCPAS                           00000000
_ECCPASbits                       00000000
_EEADR                            00000000
_EECON1                           00000000
_EECON1bits                       00000000
_EECON2                           00000000
_EEDATA                           00000000
_FSR0H                            00000000
gpasm-0.13.4 beta               user.asm    11-9-2008  01:20:33          PAGE 19


LOC  OBJECT CODE     LINE SOURCE TEXT
  VALUE
 
_FSR0L                            00000000
_FSR1H                            00000000
_FSR1L                            00000000
_FSR2H                            00000000
_FSR2L                            00000000
_INDF0                            00000000
_INDF1                            00000000
_INDF2                            00000000
_INTCON                           00000000
_INTCON2                          00000000
_INTCON2bits                      00000000
_INTCON3                          00000000
_INTCON3bits                      00000000
_INTCONbits                       00000000
_IPR1                             00000000
_IPR1bits                         00000000
_IPR2                             00000000
_IPR2bits                         00000000
_LATA                             00000000
_LATAbits                         00000000
_LATB                             00000000
_LATBbits                         00000000
_LVDCON                           00000000
_LVDCONbits                       00000000
_OSCCON                           00000000
_OSCCONbits                       00000000
_PCL                              00000000
_PCLATH                           00000000
_PCLATU                           00000000
_PIE1                             00000000
_PIE1bits                         00000000
_PIE2                             00000000
_PIE2bits                         00000000
_PIR1                             00000000
_PIR1bits                         00000000
_PIR2                             00000000
_PIR2bits                         00000000
_PLUSW0                           00000000
_PLUSW1                           00000000
_PLUSW2                           00000000
_PORTA                            00000000
_PORTAbits                        00000000
_PORTB                            00000000
_PORTBbits                        00000000
_POSTDEC0                         00000000
_POSTDEC1                         00000000
_POSTDEC2                         00000000
_POSTINC0                         00000000
_POSTINC1                         00000000
_POSTINC2                         00000000
_PR2                              00000000
_PREINC0                          00000000
_PREINC1                          00000000
_PREINC2                          00000000
gpasm-0.13.4 beta               user.asm    11-9-2008  01:20:33          PAGE 20


LOC  OBJECT CODE     LINE SOURCE TEXT
  VALUE
 
_PRODH                            00000000
_PRODL                            00000000
_RCON                             00000000
_RCONbits                         00000000
_RCREG                            00000000
_RCSTA                            00000000
_RCSTAbits                        00000000
_SPBRG                            00000000
_SPBRGH                           00000000
_STATUS                           00000000
_STATUSbits                       00000000
_STKPTR                           00000000
_STKPTRbits                       00000000
_T0CON                            00000000
_T1CON                            00000000
_T1CONbits                        00000000
_T2CON                            00000000
_T2CONbits                        00000000
_T3CON                            00000000
_T3CONbits                        00000000
_TABLAT                           00000000
_TBLPTRH                          00000000
_TBLPTRL                          00000000
_TBLPTRU                          00000000
_TMR0H                            00000000
_TMR0L                            00000000
_TMR1H                            00000000
_TMR1L                            00000000
_TMR2                             00000000
_TMR3H                            00000000
_TMR3L                            00000000
_TOSH                             00000000
_TOSL                             00000000
_TOSU                             00000000
_TRISA                            00000000
_TRISAbits                        00000000
_TRISB                            00000000
_TRISBbits                        00000000
_TXREG                            00000000
_TXSTA                            00000000
_TXSTAbits                        00000000
_WDTCON                           00000000
_WDTCONbits                       00000000
_WREG                             00000000
__18F1320                         00000001
__gptrget1                        00000000
_check_for_user_input             00000000
_clear_secs                       00000000
_delay10tcy                       00000000
_do_meters                        00000000
_ds3231_time                      00000000
_eeprom_data                      00000000
_hours_debounce                   00000000
_hours_meter                      00000000
gpasm-0.13.4 beta               user.asm    11-9-2008  01:20:33          PAGE 21


LOC  OBJECT CODE     LINE SOURCE TEXT
  VALUE
 
_inc_hours                        00000000
_inc_mins                         00000000
_init_user                        00000000
_mins_debounce                    00000000
_mins_meter                       00000000
_save_eeprom_if_needed            00000000
_save_time_to_rtc                 00000000
_secs_debounce                    00000000
_secs_meter                       00000000
_silly_hour_display               00000000
_trigger_save_eeprom              00000000
r0x00                             00000000
r0x01                             00000001
r0x02                             00000002
r0x03                             00000003
r0x04                             00000004


Errors   :       0
Warnings :       0 reported,       0 suppressed
Messages :       0 reported,       0 suppressed

